// Vitest Snapshot v1, https://vitest.dev/guide/snapshot.html

exports[`Main component > should render the heading 1`] = `
<main>
  <h1>
    Oi
  </h1>
</main>
`;
